<html>
<body>
<pre>
<h1>µVision Build Log</h1>
<h2>Project:</h2>
C:\Users\Josh\Documents\GitHub\ECE455\A2\A2.uvproj
Project File Date:  06/09/2015

<h2>Output:</h2>
Rebuild target 'Target 1'
assembling startup_LPC17xx.s...
compiling GLCD_SPI_LPC1700.c...
compiling system_LPC17xx.c...
compiling fsm.c...
compiling main.c...
main.c(103): error:  #7: unrecognized token
main.c(103): warning:  #174-D: expression has no effect
main.c(103): error:  #65: expected a ";"
main.c(104): error:  #7: unrecognized token
main.c(104): warning:  #174-D: expression has no effect
main.c(104): error:  #65: expected a ";"
main.c(133): error:  #20: identifier "buttom_fsm" is undefined
main.c(133): error:  #20: identifier "ResetButton" is undefined
main.c(151): error:  #165: too few arguments in function call
main.c(177): error:  #7: unrecognized token
main.c(177): error:  #18: expected a ")"
main.c(177): error:  #31: expression must have integral type
main.c(196): warning:  #174-D: expression has no effect
Target not created
Rebuild target 'Target 1'
assembling startup_LPC17xx.s...
compiling GLCD_SPI_LPC1700.c...
compiling system_LPC17xx.c...
compiling fsm.c...
compiling main.c...
main.c(103): error:  #7: unrecognized token
main.c(103): warning:  #174-D: expression has no effect
main.c(103): error:  #65: expected a ";"
main.c(104): error:  #7: unrecognized token
main.c(104): warning:  #174-D: expression has no effect
main.c(104): error:  #65: expected a ";"
main.c(133): error:  #20: identifier "buttom_fsm" is undefined
main.c(133): error:  #20: identifier "ResetButton" is undefined
main.c(151): error:  #165: too few arguments in function call
main.c(177): error:  #7: unrecognized token
main.c(177): error:  #18: expected a ")"
main.c(177): error:  #31: expression must have integral type
main.c(196): warning:  #174-D: expression has no effect
Target not created
Rebuild target 'Target 1'
assembling startup_LPC17xx.s...
compiling GLCD_SPI_LPC1700.c...
compiling system_LPC17xx.c...
compiling fsm.c...
compiling main.c...
main.c(103): error:  #7: unrecognized token
main.c(103): warning:  #174-D: expression has no effect
main.c(103): error:  #65: expected a ";"
main.c(104): error:  #7: unrecognized token
main.c(104): warning:  #174-D: expression has no effect
main.c(104): error:  #65: expected a ";"
main.c(133): error:  #20: identifier "buttom_fsm" is undefined
main.c(133): error:  #20: identifier "ResetButton" is undefined
main.c(151): error:  #165: too few arguments in function call
main.c(177): error:  #7: unrecognized token
main.c(177): error:  #18: expected a ")"
main.c(177): error:  #31: expression must have integral type
main.c(196): warning:  #174-D: expression has no effect
Target not created
Rebuild target 'Target 1'
assembling startup_LPC17xx.s...
compiling GLCD_SPI_LPC1700.c...
compiling system_LPC17xx.c...
compiling fsm.c...
compiling main.c...
main.c(103): error:  #7: unrecognized token
main.c(103): warning:  #174-D: expression has no effect
main.c(103): error:  #65: expected a ";"
main.c(104): error:  #7: unrecognized token
main.c(104): warning:  #174-D: expression has no effect
main.c(104): error:  #65: expected a ";"
main.c(177): error:  #7: unrecognized token
main.c(177): error:  #18: expected a ")"
main.c(177): error:  #31: expression must have integral type
main.c(196): warning:  #174-D: expression has no effect
Target not created
Rebuild target 'Target 1'
assembling startup_LPC17xx.s...
compiling GLCD_SPI_LPC1700.c...
compiling system_LPC17xx.c...
compiling fsm.c...
compiling main.c...
main.c(103): error:  #7: unrecognized token
main.c(103): warning:  #174-D: expression has no effect
main.c(103): error:  #65: expected a ";"
main.c(104): error:  #7: unrecognized token
main.c(104): warning:  #174-D: expression has no effect
main.c(104): error:  #65: expected a ";"
main.c(133): error:  #65: expected a ";"
main.c(180): error:  #7: unrecognized token
main.c(180): error:  #18: expected a ")"
main.c(180): error:  #31: expression must have integral type
main.c(199): warning:  #174-D: expression has no effect
Target not created
Rebuild target 'Target 1'
assembling startup_LPC17xx.s...
compiling GLCD_SPI_LPC1700.c...
compiling system_LPC17xx.c...
compiling fsm.c...
compiling main.c...
main.c(103): error:  #109: expression must have (pointer-to-) function type
main.c(105): error:  #65: expected a ";"
main.c(133): error:  #65: expected a ";"
main.c(180): error:  #7: unrecognized token
main.c(180): error:  #18: expected a ")"
main.c(180): error:  #31: expression must have integral type
main.c(199): warning:  #174-D: expression has no effect
Target not created
Rebuild target 'Target 1'
assembling startup_LPC17xx.s...
compiling GLCD_SPI_LPC1700.c...
compiling system_LPC17xx.c...
compiling fsm.c...
compiling main.c...
main.c(103): warning:  #174-D: expression has no effect
main.c(104): warning:  #174-D: expression has no effect
main.c(133): error:  #65: expected a ";"
main.c(180): error:  #7: unrecognized token
main.c(180): error:  #18: expected a ")"
main.c(180): error:  #31: expression must have integral type
main.c(199): warning:  #174-D: expression has no effect
Target not created
Rebuild target 'Target 1'
assembling startup_LPC17xx.s...
compiling GLCD_SPI_LPC1700.c...
compiling system_LPC17xx.c...
compiling fsm.c...
compiling main.c...
main.c(103): error:  #7: unrecognized token
main.c(103): warning:  #174-D: expression has no effect
main.c(103): error:  #65: expected a ";"
main.c(104): warning:  #174-D: expression has no effect
main.c(133): error:  #65: expected a ";"
main.c(180): error:  #7: unrecognized token
main.c(180): error:  #18: expected a ")"
main.c(180): error:  #31: expression must have integral type
main.c(199): warning:  #174-D: expression has no effect
Target not created
Rebuild target 'Target 1'
assembling startup_LPC17xx.s...
compiling GLCD_SPI_LPC1700.c...
compiling system_LPC17xx.c...
compiling fsm.c...
compiling main.c...
main.c(103): error:  #7: unrecognized token
main.c(103): warning:  #174-D: expression has no effect
main.c(103): error:  #65: expected a ";"
main.c(104): warning:  #174-D: expression has no effect
main.c(133): error:  #65: expected a ";"
main.c(180): error:  #7: unrecognized token
main.c(180): error:  #18: expected a ")"
main.c(180): error:  #31: expression must have integral type
main.c(199): warning:  #174-D: expression has no effect
Target not created
Rebuild target 'Target 1'
assembling startup_LPC17xx.s...
compiling GLCD_SPI_LPC1700.c...
compiling system_LPC17xx.c...
compiling fsm.c...
compiling main.c...
main.c(103): error:  #7: unrecognized token
main.c(103): warning:  #174-D: expression has no effect
main.c(103): error:  #65: expected a ";"
main.c(104): warning:  #174-D: expression has no effect
main.c(133): error:  #65: expected a ";"
main.c(180): error:  #7: unrecognized token
main.c(180): error:  #18: expected a ")"
main.c(180): error:  #31: expression must have integral type
main.c(199): warning:  #174-D: expression has no effect
Target not created
Rebuild target 'Target 1'
assembling startup_LPC17xx.s...
compiling GLCD_SPI_LPC1700.c...
compiling system_LPC17xx.c...
compiling fsm.c...
compiling main.c...
main.c(104): error:  #7: unrecognized token
main.c(104): warning:  #174-D: expression has no effect
main.c(104): error:  #65: expected a ";"
main.c(105): warning:  #174-D: expression has no effect
main.c(134): error:  #65: expected a ";"
main.c(181): error:  #7: unrecognized token
main.c(181): error:  #18: expected a ")"
main.c(181): error:  #31: expression must have integral type
main.c(200): warning:  #174-D: expression has no effect
Target not created
Rebuild target 'Target 1'
assembling startup_LPC17xx.s...
compiling GLCD_SPI_LPC1700.c...
compiling system_LPC17xx.c...
compiling fsm.c...
compiling main.c...
main.c(133): error:  #65: expected a ";"
main.c(180): error:  #7: unrecognized token
main.c(180): error:  #18: expected a ")"
main.c(180): error:  #31: expression must have integral type
main.c(199): warning:  #174-D: expression has no effect
Target not created
Rebuild target 'Target 1'
assembling startup_LPC17xx.s...
compiling GLCD_SPI_LPC1700.c...
compiling system_LPC17xx.c...
compiling fsm.c...
compiling main.c...
main.c(180): error:  #7: unrecognized token
main.c(180): error:  #18: expected a ")"
main.c(180): error:  #31: expression must have integral type
main.c(199): warning:  #174-D: expression has no effect
Target not created
Rebuild target 'Target 1'
assembling startup_LPC17xx.s...
compiling GLCD_SPI_LPC1700.c...
compiling system_LPC17xx.c...
compiling fsm.c...
compiling main.c...
main.c(198): warning:  #174-D: expression has no effect
linking...
Program Size: Code=3496 RO-data=6616 RW-data=184 ZI-data=648  
"A2.axf" - 0 Error(s), 1 Warning(s).
Rebuild target 'Target 1'
assembling startup_LPC17xx.s...
compiling GLCD_SPI_LPC1700.c...
compiling system_LPC17xx.c...
compiling fsm.c...
compiling main.c...
linking...
Program Size: Code=3524 RO-data=6616 RW-data=188 ZI-data=652  
"A2.axf" - 0 Error(s), 0 Warning(s).
Rebuild target 'Target 1'
assembling startup_LPC17xx.s...
compiling GLCD_SPI_LPC1700.c...
compiling system_LPC17xx.c...
compiling fsm.c...
compiling main.c...
linking...
Program Size: Code=3524 RO-data=6616 RW-data=188 ZI-data=652  
"A2.axf" - 0 Error(s), 0 Warning(s).
Rebuild target 'Target 1'
assembling startup_LPC17xx.s...
compiling GLCD_SPI_LPC1700.c...
compiling system_LPC17xx.c...
compiling fsm.c...
compiling main.c...
main.c(92): warning:  #111-D: statement is unreachable
linking...
Program Size: Code=3524 RO-data=6616 RW-data=188 ZI-data=652  
"A2.axf" - 0 Error(s), 1 Warning(s).
Rebuild target 'Target 1'
assembling startup_LPC17xx.s...
compiling GLCD_SPI_LPC1700.c...
compiling system_LPC17xx.c...
compiling fsm.c...
compiling main.c...
linking...
Program Size: Code=3524 RO-data=6616 RW-data=188 ZI-data=652  
"A2.axf" - 0 Error(s), 0 Warning(s).
Rebuild target 'Target 1'
assembling startup_LPC17xx.s...
compiling GLCD_SPI_LPC1700.c...
compiling system_LPC17xx.c...
compiling fsm.c...
compiling main.c...
main.c(198): warning:  #223-D: function "fsm_button_event" declared implicitly
main.c(199): error:  #18: expected a ")"
main.c(199): error:  #65: expected a ";"
main.c(217): error:  #20: identifier "ButtonLifted1Second" is undefined
main.c(221): error:  #20: identifier "ButtonLifted3Seconds" is undefined
Target not created
Rebuild target 'Target 1'
assembling startup_LPC17xx.s...
compiling GLCD_SPI_LPC1700.c...
compiling system_LPC17xx.c...
compiling fsm.c...
compiling main.c...
main.c(199): error:  #18: expected a ")"
main.c(199): error:  #65: expected a ";"
main.c(217): error:  #20: identifier "ButtonLifted1Second" is undefined
main.c(221): error:  #20: identifier "ButtonLifted3Seconds" is undefined
Target not created
Rebuild target 'Target 1'
assembling startup_LPC17xx.s...
compiling GLCD_SPI_LPC1700.c...
compiling system_LPC17xx.c...
compiling fsm.c...
compiling main.c...
main.c(217): error:  #20: identifier "ButtonLifted1Second" is undefined
main.c(221): error:  #20: identifier "ButtonLifted3Seconds" is undefined
Target not created
Rebuild target 'Target 1'
assembling startup_LPC17xx.s...
compiling GLCD_SPI_LPC1700.c...
compiling system_LPC17xx.c...
compiling fsm.c...
compiling main.c...
linking...
Program Size: Code=3524 RO-data=6616 RW-data=188 ZI-data=652  
"A2.axf" - 0 Error(s), 0 Warning(s).
Rebuild target 'Target 1'
assembling startup_LPC17xx.s...
compiling GLCD_SPI_LPC1700.c...
compiling system_LPC17xx.c...
compiling fsm.c...
compiling main.c...
linking...
Program Size: Code=3540 RO-data=6616 RW-data=188 ZI-data=652  
"A2.axf" - 0 Error(s), 0 Warning(s).
Rebuild target 'Target 1'
assembling startup_LPC17xx.s...
compiling GLCD_SPI_LPC1700.c...
compiling system_LPC17xx.c...
compiling fsm.c...
compiling main.c...
linking...
Program Size: Code=3560 RO-data=6616 RW-data=192 ZI-data=648  
"A2.axf" - 0 Error(s), 0 Warning(s).
