<html>
<body>
<pre>
<h1>µVision Build Log</h1>
<h2>Project:</h2>
C:\Users\Josh\Documents\A2\A2.uvproj
Project File Date:  06/08/2015

<h2>Output:</h2>
Build target 'Target 1'
assembling startup_LPC17xx.s...
compiling GLCD_SPI_LPC1700.c...
compiling system_LPC17xx.c...
linking...
A2.axf: Error: L6218E: Undefined symbol main (referred from rtentry2.o).
Target not created
Build target 'Target 1'
compiling fsm.c...
fsm.c(1): error:  #13: expected a file name
Target not created
Rebuild target 'Target 1'
assembling startup_LPC17xx.s...
compiling GLCD_SPI_LPC1700.c...
compiling system_LPC17xx.c...
compiling fsm.c...
fsm.c(1): error:  #13: expected a file name
Target not created
Rebuild target 'Target 1'
assembling startup_LPC17xx.s...
compiling GLCD_SPI_LPC1700.c...
compiling system_LPC17xx.c...
compiling fsm.c...
fsm.h(9): error:  #98: an array may not have elements of this type
fsm.h(13): error:  #98: an array may not have elements of this type
fsm.h(17): warning:  #1-D: last line of file ends without a newline
fsm.c(3): error:  #98: an array may not have elements of this type
fsm.c(9): error:  #20: identifier "state" is undefined
fsm.c(29): error:  #852: expression must be a pointer to a complete object type
fsm.c(33): warning:  #1-D: last line of file ends without a newline
Target not created
Rebuild target 'Target 1'
assembling startup_LPC17xx.s...
compiling GLCD_SPI_LPC1700.c...
compiling system_LPC17xx.c...
compiling fsm.c...
fsm.h(9): error:  #98: an array may not have elements of this type
fsm.h(13): error:  #98: an array may not have elements of this type
fsm.h(17): warning:  #1-D: last line of file ends without a newline
fsm.c(3): error:  #98: an array may not have elements of this type
fsm.c(9): error:  #20: identifier "state" is undefined
fsm.c(29): error:  #852: expression must be a pointer to a complete object type
fsm.c(33): warning:  #1-D: last line of file ends without a newline
Target not created
Rebuild target 'Target 1'
assembling startup_LPC17xx.s...
compiling GLCD_SPI_LPC1700.c...
compiling system_LPC17xx.c...
compiling fsm.c...
fsm.h(13): error:  #98: an array may not have elements of this type
fsm.h(17): warning:  #1-D: last line of file ends without a newline
fsm.c(3): error:  #98: an array may not have elements of this type
fsm.c(9): error:  #20: identifier "state" is undefined
fsm.c(12): error:  #513: a value of type "<error-type> (*)[]" cannot be assigned to an entity of type "int **"
fsm.c(29): error:  #75: operand of "*" must be a pointer
fsm.c(33): warning:  #1-D: last line of file ends without a newline
Target not created
Rebuild target 'Target 1'
assembling startup_LPC17xx.s...
compiling GLCD_SPI_LPC1700.c...
compiling system_LPC17xx.c...
compiling fsm.c...
fsm.h(13): error:  #98: an array may not have elements of this type
fsm.c(3): error:  #147-D: declaration is incompatible with "int fsm_init(struct fsm *, int, int, int, <error-type> (*)[])" (declared at line 13 of "fsm.h")
fsm.c(9): error:  #20: identifier "state" is undefined
fsm.c(29): error:  #75: operand of "*" must be a pointer
fsm.c(33): warning:  #1-D: last line of file ends without a newline
Target not created
Rebuild target 'Target 1'
assembling startup_LPC17xx.s...
compiling GLCD_SPI_LPC1700.c...
compiling system_LPC17xx.c...
compiling fsm.c...
fsm.c(29): error:  #75: operand of "*" must be a pointer
fsm.c(33): warning:  #1-D: last line of file ends without a newline
Target not created
Rebuild target 'Target 1'
assembling startup_LPC17xx.s...
compiling GLCD_SPI_LPC1700.c...
compiling system_LPC17xx.c...
compiling fsm.c...
fsm.c(33): warning:  #1-D: last line of file ends without a newline
linking...
A2.axf: Error: L6218E: Undefined symbol main (referred from rtentry2.o).
Target not created
Rebuild target 'Target 1'
assembling startup_LPC17xx.s...
compiling GLCD_SPI_LPC1700.c...
compiling system_LPC17xx.c...
compiling fsm.c...
linking...
A2.axf: Error: L6218E: Undefined symbol main (referred from rtentry2.o).
Target not created
Build target 'Target 1'
compiling fsm.c...
compiling main.c...
main.c(42): error:  #101: "NumStates" has already been declared in the current scope
main.c(45): error:  #40: expected an identifier
main.c(45): error:  #98: an array may not have elements of this type
main.c(45): error:  #65: expected a ";"
main.c(51): warning:  #12-D: parsing restarts here after previous syntax error
main.c(59): warning:  #1-D: last line of file ends without a newline
Target not created
Rebuild target 'Target 1'
assembling startup_LPC17xx.s...
compiling GLCD_SPI_LPC1700.c...
compiling system_LPC17xx.c...
compiling fsm.c...
compiling main.c...
main.c(42): error:  #101: "NumStates" has already been declared in the current scope
main.c(45): error:  #40: expected an identifier
main.c(45): error:  #98: an array may not have elements of this type
main.c(45): error:  #65: expected a ";"
main.c(51): warning:  #12-D: parsing restarts here after previous syntax error
Target not created
Rebuild target 'Target 1'
assembling startup_LPC17xx.s...
compiling GLCD_SPI_LPC1700.c...
compiling system_LPC17xx.c...
compiling fsm.c...
compiling main.c...
main.c(42): error:  #101: "NumStates" has already been declared in the current scope
main.c(45): error:  #40: expected an identifier
main.c(45): error:  #98: an array may not have elements of this type
main.c(45): error:  #65: expected a ";"
main.c(50): warning:  #12-D: parsing restarts here after previous syntax error
Target not created
Rebuild target 'Target 1'
assembling startup_LPC17xx.s...
compiling GLCD_SPI_LPC1700.c...
compiling system_LPC17xx.c...
compiling fsm.c...
compiling main.c...
main.c(45): error:  #40: expected an identifier
main.c(45): error:  #98: an array may not have elements of this type
main.c(45): error:  #65: expected a ";"
main.c(50): warning:  #12-D: parsing restarts here after previous syntax error
Target not created
Rebuild target 'Target 1'
assembling startup_LPC17xx.s...
compiling GLCD_SPI_LPC1700.c...
compiling system_LPC17xx.c...
compiling fsm.c...
compiling main.c...
main.c(45): error:  #98: an array may not have elements of this type
Target not created
Rebuild target 'Target 1'
assembling startup_LPC17xx.s...
compiling GLCD_SPI_LPC1700.c...
compiling system_LPC17xx.c...
compiling fsm.c...
compiling main.c...
linking...
Program Size: Code=880 RO-data=428 RW-data=4 ZI-data=612  
"A2.axf" - 0 Error(s), 0 Warning(s).
Rebuild target 'Target 1'
assembling startup_LPC17xx.s...
compiling GLCD_SPI_LPC1700.c...
compiling system_LPC17xx.c...
compiling fsm.c...
compiling main.c...
linking...
Program Size: Code=880 RO-data=428 RW-data=4 ZI-data=612  
"A2.axf" - 0 Error(s), 0 Warning(s).
Rebuild target 'Target 1'
assembling startup_LPC17xx.s...
compiling GLCD_SPI_LPC1700.c...
compiling system_LPC17xx.c...
compiling fsm.c...
compiling main.c...
main.c(64): error:  #65: expected a ";"
Target not created
Rebuild target 'Target 1'
assembling startup_LPC17xx.s...
compiling GLCD_SPI_LPC1700.c...
compiling system_LPC17xx.c...
compiling fsm.c...
compiling main.c...
linking...
Program Size: Code=880 RO-data=428 RW-data=4 ZI-data=612  
"A2.axf" - 0 Error(s), 0 Warning(s).
Rebuild target 'Target 1'
assembling startup_LPC17xx.s...
compiling GLCD_SPI_LPC1700.c...
compiling system_LPC17xx.c...
compiling fsm.c...
compiling main.c...
linking...
Program Size: Code=948 RO-data=360 RW-data=4 ZI-data=612  
"A2.axf" - 0 Error(s), 0 Warning(s).
Rebuild target 'Target 1'
assembling startup_LPC17xx.s...
compiling GLCD_SPI_LPC1700.c...
compiling system_LPC17xx.c...
compiling fsm.c...
compiling main.c...
linking...
Program Size: Code=3104 RO-data=6520 RW-data=12 ZI-data=612  
"A2.axf" - 0 Error(s), 0 Warning(s).
Rebuild target 'Target 1'
assembling startup_LPC17xx.s...
compiling GLCD_SPI_LPC1700.c...
compiling system_LPC17xx.c...
compiling fsm.c...
compiling main.c...
main.c(86): error:  #167: argument of type "int (*)[NumButtonStates][NumButtonEvents]" is incompatible with parameter of type "int **"
main.c(91): error:  #167: argument of type "int (*)[NumStates][NumEvents]" is incompatible with parameter of type "int **"
Target not created
Rebuild target 'Target 1'
assembling startup_LPC17xx.s...
compiling GLCD_SPI_LPC1700.c...
compiling system_LPC17xx.c...
compiling fsm.c...
compiling main.c...
linking...
Program Size: Code=3236 RO-data=6508 RW-data=172 ZI-data=652  
"A2.axf" - 0 Error(s), 0 Warning(s).
Rebuild target 'Target 1'
assembling startup_LPC17xx.s...
compiling GLCD_SPI_LPC1700.c...
compiling system_LPC17xx.c...
compiling fsm.c...
compiling main.c...
linking...
Program Size: Code=3236 RO-data=6508 RW-data=172 ZI-data=652  
"A2.axf" - 0 Error(s), 0 Warning(s).
