<html>
<body>
<pre>
<h1>µVision Build Log</h1>
<h2>Project:</h2>
C:\Users\jkalpin\Downloads\ECE455-master\A3\Strict\Strict.uvproj
Project File Date:  06/30/2015

<h2>Output:</h2>
Rebuild target 'Target 1'
assembling startup_LPC17xx.s...
compiling GLCD_SPI_LPC1700.c...
compiling system_LPC17xx.c...
compiling strict.c...
linking...
Program Size: Code=3300 RO-data=6680 RW-data=12 ZI-data=612  
"Strict.axf" - 0 Error(s), 0 Warning(s).
Load "C:\\Users\\jkalpin\\Downloads\\ECE455-master\\A3\\Strict\\Strict.AXF" 
Erase Done.
Programming Done.
Verify OK.
Rebuild target 'Target 1'
assembling startup_LPC17xx.s...
compiling GLCD_SPI_LPC1700.c...
compiling system_LPC17xx.c...
compiling strict.c...
linking...
Program Size: Code=3276 RO-data=6680 RW-data=12 ZI-data=612  
"Strict.axf" - 0 Error(s), 0 Warning(s).
Rebuild target 'Target 1'
assembling startup_LPC17xx.s...
compiling GLCD_SPI_LPC1700.c...
compiling system_LPC17xx.c...
compiling strict.c...
linking...
Program Size: Code=3276 RO-data=6680 RW-data=12 ZI-data=612  
"Strict.axf" - 0 Error(s), 0 Warning(s).
Load "C:\\Users\\jkalpin\\Downloads\\ECE455-master\\A3\\Strict\\Strict.AXF" 
Erase Done.
Programming Done.
Verify OK.
Rebuild target 'Target 1'
assembling startup_LPC17xx.s...
compiling GLCD_SPI_LPC1700.c...
compiling system_LPC17xx.c...
compiling strict.c...
linking...
Program Size: Code=3276 RO-data=6680 RW-data=12 ZI-data=612  
"Strict.axf" - 0 Error(s), 0 Warning(s).
Load "C:\\Users\\jkalpin\\Downloads\\ECE455-master\\A3\\Strict\\Strict.AXF" 
Erase Done.
Programming Done.
Verify OK.
Rebuild target 'Target 1'
assembling startup_LPC17xx.s...
compiling GLCD_SPI_LPC1700.c...
compiling system_LPC17xx.c...
compiling strict.c...
linking...
Program Size: Code=3262 RO-data=6510 RW-data=16 ZI-data=608  
"Strict.axf" - 0 Error(s), 0 Warning(s).
Rebuild target 'Target 1'
assembling startup_LPC17xx.s...
compiling GLCD_SPI_LPC1700.c...
compiling system_LPC17xx.c...
compiling strict.c...
linking...
Program Size: Code=3272 RO-data=6680 RW-data=16 ZI-data=608  
"Strict.axf" - 0 Error(s), 0 Warning(s).
Rebuild target 'Target 1'
assembling startup_LPC17xx.s...
compiling GLCD_SPI_LPC1700.c...
compiling system_LPC17xx.c...
compiling strict.c...
linking...
Program Size: Code=3272 RO-data=6680 RW-data=16 ZI-data=608  
"Strict.axf" - 0 Error(s), 0 Warning(s).
Load "C:\\Users\\jkalpin\\Downloads\\ECE455-master\\A3\\Strict\\Strict.AXF" 
Erase Done.
Programming Done.
Verify OK.
Rebuild target 'Target 1'
assembling startup_LPC17xx.s...
compiling GLCD_SPI_LPC1700.c...
compiling system_LPC17xx.c...
compiling strict.c...
linking...
Program Size: Code=3276 RO-data=6680 RW-data=16 ZI-data=608  
"Strict.axf" - 0 Error(s), 0 Warning(s).
Load "C:\\Users\\jkalpin\\Downloads\\ECE455-master\\A3\\Strict\\Strict.AXF" 
Erase Done.
Programming Done.
Verify OK.
Rebuild target 'Target 1'
assembling startup_LPC17xx.s...
compiling GLCD_SPI_LPC1700.c...
compiling system_LPC17xx.c...
compiling strict.c...
linking...
Program Size: Code=3272 RO-data=6680 RW-data=16 ZI-data=608  
"Strict.axf" - 0 Error(s), 0 Warning(s).
Rebuild target 'Target 1'
assembling startup_LPC17xx.s...
compiling GLCD_SPI_LPC1700.c...
compiling system_LPC17xx.c...
compiling strict.c...
linking...
Program Size: Code=3276 RO-data=6680 RW-data=16 ZI-data=608  
"Strict.axf" - 0 Error(s), 0 Warning(s).
Load "C:\\Users\\jkalpin\\Downloads\\ECE455-master\\A3\\Strict\\Strict.AXF" 
Erase Done.
Programming Done.
Verify OK.
Rebuild target 'Target 1'
assembling startup_LPC17xx.s...
compiling GLCD_SPI_LPC1700.c...
compiling system_LPC17xx.c...
compiling strict.c...
linking...
Program Size: Code=3280 RO-data=6680 RW-data=16 ZI-data=608  
"Strict.axf" - 0 Error(s), 0 Warning(s).
Load "C:\\Users\\jkalpin\\Downloads\\ECE455-master\\A3\\Strict\\Strict.AXF" 
Erase Done.
Programming Done.
Verify OK.
Rebuild target 'Target 1'
assembling startup_LPC17xx.s...
compiling GLCD_SPI_LPC1700.c...
compiling system_LPC17xx.c...
compiling strict.c...
linking...
Program Size: Code=3272 RO-data=6680 RW-data=16 ZI-data=608  
"Strict.axf" - 0 Error(s), 0 Warning(s).
Load "C:\\Users\\jkalpin\\Downloads\\ECE455-master\\A3\\Strict\\Strict.AXF" 
Erase Done.
Programming Done.
Verify OK.
Rebuild target 'Target 1'
assembling startup_LPC17xx.s...
compiling GLCD_SPI_LPC1700.c...
compiling system_LPC17xx.c...
compiling strict.c...
linking...
Program Size: Code=3272 RO-data=6680 RW-data=16 ZI-data=608  
"Strict.axf" - 0 Error(s), 0 Warning(s).
Rebuild target 'Target 1'
assembling startup_LPC17xx.s...
compiling GLCD_SPI_LPC1700.c...
compiling system_LPC17xx.c...
compiling strict.c...
linking...
Program Size: Code=3272 RO-data=6680 RW-data=16 ZI-data=608  
"Strict.axf" - 0 Error(s), 0 Warning(s).
Rebuild target 'Target 1'
assembling startup_LPC17xx.s...
compiling GLCD_SPI_LPC1700.c...
compiling system_LPC17xx.c...
compiling strict.c...
linking...
Program Size: Code=3268 RO-data=6680 RW-data=16 ZI-data=608  
"Strict.axf" - 0 Error(s), 0 Warning(s).
Load "C:\\Users\\jkalpin\\Downloads\\ECE455-master\\A3\\Strict\\Strict.AXF" 
Erase Done.
Programming Done.
Verify OK.
Rebuild target 'Target 1'
assembling startup_LPC17xx.s...
compiling GLCD_SPI_LPC1700.c...
compiling system_LPC17xx.c...
compiling strict.c...
linking...
Program Size: Code=3268 RO-data=6680 RW-data=16 ZI-data=608  
"Strict.axf" - 0 Error(s), 0 Warning(s).
Load "C:\\Users\\jkalpin\\Downloads\\ECE455-master\\A3\\Strict\\Strict.AXF" 
Erase Done.
Programming Done.
Verify OK.
Rebuild target 'Target 1'
assembling startup_LPC17xx.s...
compiling GLCD_SPI_LPC1700.c...
compiling system_LPC17xx.c...
compiling strict.c...
strict.c(94): error:  #65: expected a ";"
Target not created
Rebuild target 'Target 1'
assembling startup_LPC17xx.s...
compiling GLCD_SPI_LPC1700.c...
compiling system_LPC17xx.c...
compiling strict.c...
linking...
Program Size: Code=3308 RO-data=6680 RW-data=16 ZI-data=608  
"Strict.axf" - 0 Error(s), 0 Warning(s).
Load "C:\\Users\\jkalpin\\Downloads\\ECE455-master\\A3\\Strict\\Strict.AXF" 
Erase Done.
Programming Done.
Verify OK.
Rebuild target 'Target 1'
assembling startup_LPC17xx.s...
compiling GLCD_SPI_LPC1700.c...
compiling system_LPC17xx.c...
compiling strict.c...
linking...
Program Size: Code=3308 RO-data=6680 RW-data=16 ZI-data=608  
"Strict.axf" - 0 Error(s), 0 Warning(s).
Rebuild target 'Target 1'
assembling startup_LPC17xx.s...
compiling GLCD_SPI_LPC1700.c...
compiling system_LPC17xx.c...
compiling strict.c...
linking...
Program Size: Code=3320 RO-data=6680 RW-data=16 ZI-data=608  
"Strict.axf" - 0 Error(s), 0 Warning(s).
Load "C:\\Users\\jkalpin\\Downloads\\ECE455-master\\A3\\Strict\\Strict.AXF" 
Erase Done.
Programming Done.
Verify OK.
Rebuild target 'Target 1'
assembling startup_LPC17xx.s...
compiling GLCD_SPI_LPC1700.c...
compiling system_LPC17xx.c...
compiling strict.c...
strict.c(91): error:  #167: argument of type "char *" is incompatible with parameter of type "unsigned char"
Target not created
Rebuild target 'Target 1'
assembling startup_LPC17xx.s...
compiling GLCD_SPI_LPC1700.c...
compiling system_LPC17xx.c...
compiling strict.c...
strict.c(91): error:  #167: argument of type "char *" is incompatible with parameter of type "unsigned char"
Target not created
Rebuild target 'Target 1'
assembling startup_LPC17xx.s...
compiling GLCD_SPI_LPC1700.c...
compiling system_LPC17xx.c...
compiling strict.c...
linking...
Program Size: Code=3328 RO-data=6680 RW-data=12 ZI-data=612  
"Strict.axf" - 0 Error(s), 0 Warning(s).
Load "C:\\Users\\jkalpin\\Downloads\\ECE455-master\\A3\\Strict\\Strict.AXF" 
Erase Done.
Programming Done.
Verify OK.
Rebuild target 'Target 1'
assembling startup_LPC17xx.s...
compiling GLCD_SPI_LPC1700.c...
compiling system_LPC17xx.c...
compiling strict.c...
linking...
Program Size: Code=3328 RO-data=6680 RW-data=12 ZI-data=612  
"Strict.axf" - 0 Error(s), 0 Warning(s).
Load "C:\\Users\\jkalpin\\Downloads\\ECE455-master\\A3\\Strict\\Strict.AXF" 
Erase Done.
Programming Done.
Verify OK.
Build target 'Target 1'
linking...
Program Size: Code=3328 RO-data=6680 RW-data=12 ZI-data=612  
"Strict.axf" - 0 Error(s), 0 Warning(s).
Rebuild target 'Target 1'
assembling startup_LPC17xx.s...
compiling GLCD_SPI_LPC1700.c...
compiling system_LPC17xx.c...
compiling strict.c...
linking...
Program Size: Code=3328 RO-data=6680 RW-data=12 ZI-data=612  
"Strict.axf" - 0 Error(s), 0 Warning(s).
Load "C:\\Users\\jkalpin\\Downloads\\ECE455-master\\A3\\Strict\\Strict.AXF" 
Erase Done.
Programming Done.
Verify OK.
